<?xml version="1.0" encoding="utf-8"?><testsuites name="pytest tests"><testsuite name="pytest" errors="0" failures="0" skipped="0" tests="8" time="21.901" timestamp="2026-05-16T11:15:02.529491+00:00" hostname="codespaces-cd3e51"><testcase classname="test.test_pipeline" name="test_load_and_preprocess_data_integrity" file="test/test_pipeline.py" line="57" time="0.136" /><testcase classname="test.test_pipeline" name="test_train_and_save_model_logic" file="test/test_pipeline.py" line="67" time="14.097" /><testcase classname="test.test_pipeline" name="test_train_and_save_model_file_not_found" file="test/test_pipeline.py" line="114" time="0.038" /><testcase classname="test.test_pipeline" name="test_api_predict_endpoint_success" file="test/test_pipeline.py" line="125" time="0.039" /><testcase classname="test.test_pipeline" name="test_api_predict_no_model" file="test/test_pipeline.py" line="138" time="0.007" /><testcase classname="test.test_pipeline" name="test_api_predict_exception" file="test/test_pipeline.py" line="144" time="0.017" /><testcase classname="test.test_pipeline" name="test_predict_app_endpoint_success" file="test/test_pipeline.py" line="153" time="0.041" /><testcase classname="test.test_pipeline" name="test_main_script_flows" file="test/test_pipeline.py" line="170" time="0.034" /></testsuite></testsuites>